// Jest Snapshot v1, https://goo.gl/fbAQLP

exports[`Box List Tests matches snapshot 1`] = `
<DocumentFragment>
  <h1>
    The Box Maker
  </h1>
  <form
    class="Box-form"
  >
    <div
      class="mb-3"
    >
      <label
        class="form-label"
        for="color"
      >
        Color
      </label>
      <input
        class="form-control"
        id="color"
        name="color"
        placeholder="Enter color"
        type="string"
        value=""
      />
    </div>
    <div
      class="mb-3"
    >
      <label
        class="form-label"
        for="width"
      >
        Width
      </label>
      <input
        class="form-control"
        id="width"
        name="width"
        placeholder="Enter width"
        type="number"
        value=""
      />
    </div>
    <div
      class="mb-3"
    >
      <label
        class="form-label"
        for="height"
      >
        Height
      </label>
      <input
        class="form-control"
        id="height"
        name="height"
        placeholder="Enter height"
        type="number"
        value=""
      />
    </div>
    <button
      class="btn btn-primary"
      type="submit"
    >
      Add a new box!
    </button>
  </form>
</DocumentFragment>
`;

exports[`matches snapshot 1`] = `
<DocumentFragment>
  <h1>
    The Box Maker
  </h1>
  <form
    class="Box-form"
  >
    <div
      class="mb-3"
    >
      <label
        class="form-label"
        for="color"
      >
        Color
      </label>
      <input
        class="form-control"
        id="color"
        name="color"
        placeholder="Enter color"
        type="string"
        value=""
      />
    </div>
    <div
      class="mb-3"
    >
      <label
        class="form-label"
        for="width"
      >
        Width
      </label>
      <input
        class="form-control"
        id="width"
        name="width"
        placeholder="Enter width"
        type="number"
        value=""
      />
    </div>
    <div
      class="mb-3"
    >
      <label
        class="form-label"
        for="height"
      >
        Height
      </label>
      <input
        class="form-control"
        id="height"
        name="height"
        placeholder="Enter height"
        type="number"
        value=""
      />
    </div>
    <button
      class="btn btn-primary"
      type="submit"
    >
      Add a new box!
    </button>
  </form>
</DocumentFragment>
`;
